Archive member included to satisfy reference by file (symbol)

/opt/microchip/avr-gcc/bin/../lib/gcc/avr/15.1.0/avr51/libgcc.a(_exit.o)
                              /opt/microchip/avr-gcc/bin/../lib/gcc/avr/15.1.0/../../../../avr/lib/avr51/crtatmega128a.o (exit)
/opt/microchip/avr-gcc/bin/../lib/gcc/avr/15.1.0/../../../../avr/lib/avr51/libc.a(iob.o)
                              CMakeFiles/atmega128a.elf.dir/main.c.obj (symbol from plugin) (__iob)
/opt/microchip/avr-gcc/bin/../lib/gcc/avr/15.1.0/avr51/libgcc.a(_clear_bss.o)
                              /opt/microchip/avr-gcc/bin/../lib/gcc/avr/15.1.0/../../../../avr/lib/avr51/libc.a(iob.o) (__do_clear_bss)
/opt/microchip/avr-gcc/bin/../lib/gcc/avr/15.1.0/avr51/libgcc.a(_copy_data.o)
                              /tmp/ccZgsIKT.ltrans0.ltrans.o (__do_copy_data)
/opt/microchip/avr-gcc/bin/../lib/gcc/avr/15.1.0/../../../../avr/lib/avr51/libc.a(puts.o)
                              /tmp/ccZgsIKT.ltrans0.ltrans.o (puts)

Discarded input sections

 .data          0x00000000        0x0 /opt/microchip/avr-gcc/bin/../lib/gcc/avr/15.1.0/../../../../avr/lib/avr51/crtatmega128a.o
 .bss           0x00000000        0x0 /opt/microchip/avr-gcc/bin/../lib/gcc/avr/15.1.0/../../../../avr/lib/avr51/crtatmega128a.o
 .group         0x00000000        0xc /tmp/ccGLjmGx.debug.temp.o
 .group         0x00000000        0xc /tmp/ccGLjmGx.debug.temp.o
 .group         0x00000000        0xc /tmp/ccGLjmGx.debug.temp.o
 .group         0x00000000        0xc /tmp/ccGLjmGx.debug.temp.o
 .group         0x00000000        0xc /tmp/ccGLjmGx.debug.temp.o
 .group         0x00000000        0xc /tmp/ccGLjmGx.debug.temp.o
 .group         0x00000000        0xc /tmp/ccGLjmGx.debug.temp.o
 .group         0x00000000        0xc /tmp/ccGLjmGx.debug.temp.o
 .group         0x00000000        0xc /tmp/ccGLjmGx.debug.temp.o
 .group         0x00000000        0xc /tmp/ccGLjmGx.debug.temp.o
 .group         0x00000000        0xc /tmp/ccGLjmGx.debug.temp.o
 .group         0x00000000        0xc /tmp/ccGLjmGx.debug.temp.o
 .group         0x00000000        0xc /tmp/ccGLjmGx.debug.temp.o
 .group         0x00000000        0xc /tmp/ccGLjmGx.debug.temp.o
 .group         0x00000000        0xc /tmp/ccGLjmGx.debug.temp.o
 .group         0x00000000        0xc /tmp/ccGLjmGx.debug.temp.o
 .group         0x00000000        0xc /tmp/ccGLjmGx.debug.temp.o
 .comment       0x00000000       0x30 /tmp/ccGLjmGx.debug.temp.o
 .group         0x00000000        0xc /tmp/cccMaUiE.debug.temp.o
 .debug_info    0x00000000       0x22 /tmp/cccMaUiE.debug.temp.o
 .debug_abbrev  0x00000000       0x12 /tmp/cccMaUiE.debug.temp.o
 .debug_macro   0x00000000       0x11 /tmp/cccMaUiE.debug.temp.o
 .debug_macro   0x00000000      0xc46 /tmp/cccMaUiE.debug.temp.o
 .debug_line    0x00000000       0x3a /tmp/cccMaUiE.debug.temp.o
 .debug_str     0x00000000     0x33d2 /tmp/cccMaUiE.debug.temp.o
 .debug_line_str
                0x00000000       0xba /tmp/cccMaUiE.debug.temp.o
 .comment       0x00000000       0x30 /tmp/cccMaUiE.debug.temp.o
 .group         0x00000000        0xc /tmp/cctKz0c9.debug.temp.o
 .group         0x00000000        0xc /tmp/cctKz0c9.debug.temp.o
 .group         0x00000000        0xc /tmp/cctKz0c9.debug.temp.o
 .group         0x00000000        0xc /tmp/cctKz0c9.debug.temp.o
 .group         0x00000000        0xc /tmp/cctKz0c9.debug.temp.o
 .group         0x00000000        0xc /tmp/cctKz0c9.debug.temp.o
 .group         0x00000000        0xc /tmp/cctKz0c9.debug.temp.o
 .group         0x00000000        0xc /tmp/cctKz0c9.debug.temp.o
 .group         0x00000000        0xc /tmp/cctKz0c9.debug.temp.o
 .group         0x00000000        0xc /tmp/cctKz0c9.debug.temp.o
 .group         0x00000000        0xc /tmp/cctKz0c9.debug.temp.o
 .group         0x00000000        0xc /tmp/cctKz0c9.debug.temp.o
 .group         0x00000000        0xc /tmp/cctKz0c9.debug.temp.o
 .group         0x00000000        0xc /tmp/cctKz0c9.debug.temp.o
 .group         0x00000000        0xc /tmp/cctKz0c9.debug.temp.o
 .group         0x00000000        0xc /tmp/cctKz0c9.debug.temp.o
 .group         0x00000000        0xc /tmp/cctKz0c9.debug.temp.o
 .group         0x00000000        0xc /tmp/cctKz0c9.debug.temp.o
 .group         0x00000000        0xc /tmp/cctKz0c9.debug.temp.o
 .group         0x00000000        0xc /tmp/cctKz0c9.debug.temp.o
 .group         0x00000000        0xc /tmp/cctKz0c9.debug.temp.o
 .group         0x00000000        0xc /tmp/cctKz0c9.debug.temp.o
 .debug_info    0x00000000      0x1bb /tmp/cctKz0c9.debug.temp.o
 .debug_abbrev  0x00000000      0x132 /tmp/cctKz0c9.debug.temp.o
 .debug_macro   0x00000000       0xf6 /tmp/cctKz0c9.debug.temp.o
 .debug_macro   0x00000000      0xc46 /tmp/cctKz0c9.debug.temp.o
 .debug_macro   0x00000000       0x10 /tmp/cctKz0c9.debug.temp.o
 .debug_macro   0x00000000      0x1c9 /tmp/cctKz0c9.debug.temp.o
 .debug_macro   0x00000000      0x2fd /tmp/cctKz0c9.debug.temp.o
 .debug_macro   0x00000000       0x9e /tmp/cctKz0c9.debug.temp.o
 .debug_macro   0x00000000     0x138f /tmp/cctKz0c9.debug.temp.o
 .debug_macro   0x00000000      0x204 /tmp/cctKz0c9.debug.temp.o
 .debug_macro   0x00000000       0xcb /tmp/cctKz0c9.debug.temp.o
 .debug_macro   0x00000000       0x34 /tmp/cctKz0c9.debug.temp.o
 .debug_macro   0x00000000       0x18 /tmp/cctKz0c9.debug.temp.o
 .debug_macro   0x00000000       0x6c /tmp/cctKz0c9.debug.temp.o
 .debug_macro   0x00000000       0x16 /tmp/cctKz0c9.debug.temp.o
 .debug_macro   0x00000000       0x7d /tmp/cctKz0c9.debug.temp.o
 .debug_macro   0x00000000       0x58 /tmp/cctKz0c9.debug.temp.o
 .debug_macro   0x00000000       0x10 /tmp/cctKz0c9.debug.temp.o
 .debug_macro   0x00000000       0x9e /tmp/cctKz0c9.debug.temp.o
 .debug_macro   0x00000000       0xf2 /tmp/cctKz0c9.debug.temp.o
 .debug_macro   0x00000000       0x22 /tmp/cctKz0c9.debug.temp.o
 .debug_macro   0x00000000       0x16 /tmp/cctKz0c9.debug.temp.o
 .debug_macro   0x00000000       0x20 /tmp/cctKz0c9.debug.temp.o
 .debug_macro   0x00000000       0x16 /tmp/cctKz0c9.debug.temp.o
 .debug_macro   0x00000000       0x2e /tmp/cctKz0c9.debug.temp.o
 .debug_line    0x00000000       0xb7 /tmp/cctKz0c9.debug.temp.o
 .debug_str     0x00000000     0x7f9e /tmp/cctKz0c9.debug.temp.o
 .debug_line_str
                0x00000000      0x26f /tmp/cctKz0c9.debug.temp.o
 .comment       0x00000000       0x30 /tmp/cctKz0c9.debug.temp.o
 .group         0x00000000        0xc /tmp/ccvg3216.debug.temp.o
 .group         0x00000000        0xc /tmp/ccvg3216.debug.temp.o
 .group         0x00000000        0xc /tmp/ccvg3216.debug.temp.o
 .group         0x00000000        0xc /tmp/ccvg3216.debug.temp.o
 .group         0x00000000        0xc /tmp/ccvg3216.debug.temp.o
 .group         0x00000000        0xc /tmp/ccvg3216.debug.temp.o
 .group         0x00000000        0xc /tmp/ccvg3216.debug.temp.o
 .group         0x00000000        0xc /tmp/ccvg3216.debug.temp.o
 .group         0x00000000        0xc /tmp/ccvg3216.debug.temp.o
 .group         0x00000000        0xc /tmp/ccvg3216.debug.temp.o
 .group         0x00000000        0xc /tmp/ccvg3216.debug.temp.o
 .group         0x00000000        0xc /tmp/ccvg3216.debug.temp.o
 .group         0x00000000        0xc /tmp/ccvg3216.debug.temp.o
 .group         0x00000000        0xc /tmp/ccvg3216.debug.temp.o
 .group         0x00000000        0xc /tmp/ccvg3216.debug.temp.o
 .group         0x00000000        0xc /tmp/ccvg3216.debug.temp.o
 .group         0x00000000        0xc /tmp/ccvg3216.debug.temp.o
 .group         0x00000000        0xc /tmp/ccvg3216.debug.temp.o
 .group         0x00000000        0xc /tmp/ccvg3216.debug.temp.o
 .group         0x00000000        0xc /tmp/ccvg3216.debug.temp.o
 .group         0x00000000        0xc /tmp/ccvg3216.debug.temp.o
 .group         0x00000000        0xc /tmp/ccvg3216.debug.temp.o
 .debug_info    0x00000000       0xb1 /tmp/ccvg3216.debug.temp.o
 .debug_abbrev  0x00000000       0x7b /tmp/ccvg3216.debug.temp.o
 .debug_macro   0x00000000       0xf6 /tmp/ccvg3216.debug.temp.o
 .debug_macro   0x00000000      0xc46 /tmp/ccvg3216.debug.temp.o
 .debug_macro   0x00000000       0x10 /tmp/ccvg3216.debug.temp.o
 .debug_macro   0x00000000      0x1c9 /tmp/ccvg3216.debug.temp.o
 .debug_macro   0x00000000      0x2fd /tmp/ccvg3216.debug.temp.o
 .debug_macro   0x00000000       0x9e /tmp/ccvg3216.debug.temp.o
 .debug_macro   0x00000000     0x138f /tmp/ccvg3216.debug.temp.o
 .debug_macro   0x00000000      0x204 /tmp/ccvg3216.debug.temp.o
 .debug_macro   0x00000000       0xcb /tmp/ccvg3216.debug.temp.o
 .debug_macro   0x00000000       0x34 /tmp/ccvg3216.debug.temp.o
 .debug_macro   0x00000000       0x18 /tmp/ccvg3216.debug.temp.o
 .debug_macro   0x00000000       0x6c /tmp/ccvg3216.debug.temp.o
 .debug_macro   0x00000000       0x16 /tmp/ccvg3216.debug.temp.o
 .debug_macro   0x00000000       0x7d /tmp/ccvg3216.debug.temp.o
 .debug_macro   0x00000000       0x58 /tmp/ccvg3216.debug.temp.o
 .debug_macro   0x00000000       0x10 /tmp/ccvg3216.debug.temp.o
 .debug_macro   0x00000000       0x9e /tmp/ccvg3216.debug.temp.o
 .debug_macro   0x00000000       0xf2 /tmp/ccvg3216.debug.temp.o
 .debug_macro   0x00000000       0x22 /tmp/ccvg3216.debug.temp.o
 .debug_macro   0x00000000       0x16 /tmp/ccvg3216.debug.temp.o
 .debug_macro   0x00000000       0x20 /tmp/ccvg3216.debug.temp.o
 .debug_macro   0x00000000       0x16 /tmp/ccvg3216.debug.temp.o
 .debug_macro   0x00000000       0x1c /tmp/ccvg3216.debug.temp.o
 .debug_line    0x00000000       0xb7 /tmp/ccvg3216.debug.temp.o
 .debug_str     0x00000000     0x7ef9 /tmp/ccvg3216.debug.temp.o
 .debug_line_str
                0x00000000      0x266 /tmp/ccvg3216.debug.temp.o
 .comment       0x00000000       0x30 /tmp/ccvg3216.debug.temp.o
 .group         0x00000000        0xc /tmp/cco1cOvB.debug.temp.o
 .group         0x00000000        0xc /tmp/cco1cOvB.debug.temp.o
 .group         0x00000000        0xc /tmp/cco1cOvB.debug.temp.o
 .group         0x00000000        0xc /tmp/cco1cOvB.debug.temp.o
 .group         0x00000000        0xc /tmp/cco1cOvB.debug.temp.o
 .group         0x00000000        0xc /tmp/cco1cOvB.debug.temp.o
 .group         0x00000000        0xc /tmp/cco1cOvB.debug.temp.o
 .group         0x00000000        0xc /tmp/cco1cOvB.debug.temp.o
 .group         0x00000000        0xc /tmp/cco1cOvB.debug.temp.o
 .group         0x00000000        0xc /tmp/cco1cOvB.debug.temp.o
 .group         0x00000000        0xc /tmp/cco1cOvB.debug.temp.o
 .group         0x00000000        0xc /tmp/cco1cOvB.debug.temp.o
 .group         0x00000000        0xc /tmp/cco1cOvB.debug.temp.o
 .group         0x00000000        0xc /tmp/cco1cOvB.debug.temp.o
 .group         0x00000000        0xc /tmp/cco1cOvB.debug.temp.o
 .group         0x00000000        0xc /tmp/cco1cOvB.debug.temp.o
 .group         0x00000000        0xc /tmp/cco1cOvB.debug.temp.o
 .group         0x00000000        0xc /tmp/cco1cOvB.debug.temp.o
 .group         0x00000000        0xc /tmp/cco1cOvB.debug.temp.o
 .group         0x00000000        0xc /tmp/cco1cOvB.debug.temp.o
 .group         0x00000000        0xc /tmp/cco1cOvB.debug.temp.o
 .group         0x00000000        0xc /tmp/cco1cOvB.debug.temp.o
 .debug_info    0x00000000      0x12d /tmp/cco1cOvB.debug.temp.o
 .debug_abbrev  0x00000000       0xae /tmp/cco1cOvB.debug.temp.o
 .debug_macro   0x00000000       0xf6 /tmp/cco1cOvB.debug.temp.o
 .debug_macro   0x00000000      0xc46 /tmp/cco1cOvB.debug.temp.o
 .debug_macro   0x00000000       0x10 /tmp/cco1cOvB.debug.temp.o
 .debug_macro   0x00000000      0x1c9 /tmp/cco1cOvB.debug.temp.o
 .debug_macro   0x00000000      0x2fd /tmp/cco1cOvB.debug.temp.o
 .debug_macro   0x00000000       0x9e /tmp/cco1cOvB.debug.temp.o
 .debug_macro   0x00000000     0x138f /tmp/cco1cOvB.debug.temp.o
 .debug_macro   0x00000000      0x204 /tmp/cco1cOvB.debug.temp.o
 .debug_macro   0x00000000       0xcb /tmp/cco1cOvB.debug.temp.o
 .debug_macro   0x00000000       0x34 /tmp/cco1cOvB.debug.temp.o
 .debug_macro   0x00000000       0x18 /tmp/cco1cOvB.debug.temp.o
 .debug_macro   0x00000000       0x6c /tmp/cco1cOvB.debug.temp.o
 .debug_macro   0x00000000       0x16 /tmp/cco1cOvB.debug.temp.o
 .debug_macro   0x00000000       0x7d /tmp/cco1cOvB.debug.temp.o
 .debug_macro   0x00000000       0x58 /tmp/cco1cOvB.debug.temp.o
 .debug_macro   0x00000000       0x10 /tmp/cco1cOvB.debug.temp.o
 .debug_macro   0x00000000       0x9e /tmp/cco1cOvB.debug.temp.o
 .debug_macro   0x00000000       0xf2 /tmp/cco1cOvB.debug.temp.o
 .debug_macro   0x00000000       0x22 /tmp/cco1cOvB.debug.temp.o
 .debug_macro   0x00000000       0x16 /tmp/cco1cOvB.debug.temp.o
 .debug_macro   0x00000000       0x20 /tmp/cco1cOvB.debug.temp.o
 .debug_macro   0x00000000       0x16 /tmp/cco1cOvB.debug.temp.o
 .debug_macro   0x00000000       0x10 /tmp/cco1cOvB.debug.temp.o
 .debug_line    0x00000000       0xb7 /tmp/cco1cOvB.debug.temp.o
 .debug_str     0x00000000     0x7ee7 /tmp/cco1cOvB.debug.temp.o
 .debug_line_str
                0x00000000      0x266 /tmp/cco1cOvB.debug.temp.o
 .comment       0x00000000       0x30 /tmp/cco1cOvB.debug.temp.o
 .group         0x00000000        0xc /tmp/ccTN5tjo.debug.temp.o
 .debug_info    0x00000000       0x22 /tmp/ccTN5tjo.debug.temp.o
 .debug_abbrev  0x00000000       0x12 /tmp/ccTN5tjo.debug.temp.o
 .debug_macro   0x00000000       0x11 /tmp/ccTN5tjo.debug.temp.o
 .debug_macro   0x00000000      0xc46 /tmp/ccTN5tjo.debug.temp.o
 .debug_line    0x00000000       0x3a /tmp/ccTN5tjo.debug.temp.o
 .debug_str     0x00000000     0x33d2 /tmp/ccTN5tjo.debug.temp.o
 .debug_line_str
                0x00000000       0xc8 /tmp/ccTN5tjo.debug.temp.o
 .comment       0x00000000       0x30 /tmp/ccTN5tjo.debug.temp.o
 .text          0x00000000        0x0 /opt/microchip/avr-gcc/bin/../lib/gcc/avr/15.1.0/avr51/libgcc.a(_exit.o)
 .data          0x00000000        0x0 /opt/microchip/avr-gcc/bin/../lib/gcc/avr/15.1.0/avr51/libgcc.a(_exit.o)
 .bss           0x00000000        0x0 /opt/microchip/avr-gcc/bin/../lib/gcc/avr/15.1.0/avr51/libgcc.a(_exit.o)
 .text.libgcc.mul
                0x00000000        0x0 /opt/microchip/avr-gcc/bin/../lib/gcc/avr/15.1.0/avr51/libgcc.a(_exit.o)
 .text.libgcc.div
                0x00000000        0x0 /opt/microchip/avr-gcc/bin/../lib/gcc/avr/15.1.0/avr51/libgcc.a(_exit.o)
 .text.libgcc   0x00000000        0x0 /opt/microchip/avr-gcc/bin/../lib/gcc/avr/15.1.0/avr51/libgcc.a(_exit.o)
 .text.libgcc.prologue
                0x00000000        0x0 /opt/microchip/avr-gcc/bin/../lib/gcc/avr/15.1.0/avr51/libgcc.a(_exit.o)
 .text.libgcc.builtins
                0x00000000        0x0 /opt/microchip/avr-gcc/bin/../lib/gcc/avr/15.1.0/avr51/libgcc.a(_exit.o)
 .text.libgcc.fmul
                0x00000000        0x0 /opt/microchip/avr-gcc/bin/../lib/gcc/avr/15.1.0/avr51/libgcc.a(_exit.o)
 .text.libgcc.fixed
                0x00000000        0x0 /opt/microchip/avr-gcc/bin/../lib/gcc/avr/15.1.0/avr51/libgcc.a(_exit.o)
 .text          0x00000000        0x0 /opt/microchip/avr-gcc/bin/../lib/gcc/avr/15.1.0/avr51/libgcc.a(_copy_data.o)
 .data          0x00000000        0x0 /opt/microchip/avr-gcc/bin/../lib/gcc/avr/15.1.0/avr51/libgcc.a(_copy_data.o)
 .bss           0x00000000        0x0 /opt/microchip/avr-gcc/bin/../lib/gcc/avr/15.1.0/avr51/libgcc.a(_copy_data.o)
 .text.libgcc.mul
                0x00000000        0x0 /opt/microchip/avr-gcc/bin/../lib/gcc/avr/15.1.0/avr51/libgcc.a(_copy_data.o)
 .text.libgcc.div
                0x00000000        0x0 /opt/microchip/avr-gcc/bin/../lib/gcc/avr/15.1.0/avr51/libgcc.a(_copy_data.o)
 .text.libgcc   0x00000000        0x0 /opt/microchip/avr-gcc/bin/../lib/gcc/avr/15.1.0/avr51/libgcc.a(_copy_data.o)
 .text.libgcc.prologue
                0x00000000        0x0 /opt/microchip/avr-gcc/bin/../lib/gcc/avr/15.1.0/avr51/libgcc.a(_copy_data.o)
 .text.libgcc.builtins
                0x00000000        0x0 /opt/microchip/avr-gcc/bin/../lib/gcc/avr/15.1.0/avr51/libgcc.a(_copy_data.o)
 .text.libgcc.fmul
                0x00000000        0x0 /opt/microchip/avr-gcc/bin/../lib/gcc/avr/15.1.0/avr51/libgcc.a(_copy_data.o)
 .text.libgcc.fixed
                0x00000000        0x0 /opt/microchip/avr-gcc/bin/../lib/gcc/avr/15.1.0/avr51/libgcc.a(_copy_data.o)
 .text          0x00000000        0x0 /opt/microchip/avr-gcc/bin/../lib/gcc/avr/15.1.0/../../../../avr/lib/avr51/libc.a(iob.o)
 .data          0x00000000        0x0 /opt/microchip/avr-gcc/bin/../lib/gcc/avr/15.1.0/../../../../avr/lib/avr51/libc.a(iob.o)
 .text          0x00000000        0x0 /opt/microchip/avr-gcc/bin/../lib/gcc/avr/15.1.0/../../../../avr/lib/avr51/libc.a(puts.o)
 .data          0x00000000        0x0 /opt/microchip/avr-gcc/bin/../lib/gcc/avr/15.1.0/../../../../avr/lib/avr51/libc.a(puts.o)
 .bss           0x00000000        0x0 /opt/microchip/avr-gcc/bin/../lib/gcc/avr/15.1.0/../../../../avr/lib/avr51/libc.a(puts.o)
 .text          0x00000000        0x0 /opt/microchip/avr-gcc/bin/../lib/gcc/avr/15.1.0/avr51/libgcc.a(_clear_bss.o)
 .data          0x00000000        0x0 /opt/microchip/avr-gcc/bin/../lib/gcc/avr/15.1.0/avr51/libgcc.a(_clear_bss.o)
 .bss           0x00000000        0x0 /opt/microchip/avr-gcc/bin/../lib/gcc/avr/15.1.0/avr51/libgcc.a(_clear_bss.o)
 .text.libgcc.mul
                0x00000000        0x0 /opt/microchip/avr-gcc/bin/../lib/gcc/avr/15.1.0/avr51/libgcc.a(_clear_bss.o)
 .text.libgcc.div
                0x00000000        0x0 /opt/microchip/avr-gcc/bin/../lib/gcc/avr/15.1.0/avr51/libgcc.a(_clear_bss.o)
 .text.libgcc   0x00000000        0x0 /opt/microchip/avr-gcc/bin/../lib/gcc/avr/15.1.0/avr51/libgcc.a(_clear_bss.o)
 .text.libgcc.prologue
                0x00000000        0x0 /opt/microchip/avr-gcc/bin/../lib/gcc/avr/15.1.0/avr51/libgcc.a(_clear_bss.o)
 .text.libgcc.builtins
                0x00000000        0x0 /opt/microchip/avr-gcc/bin/../lib/gcc/avr/15.1.0/avr51/libgcc.a(_clear_bss.o)
 .text.libgcc.fmul
                0x00000000        0x0 /opt/microchip/avr-gcc/bin/../lib/gcc/avr/15.1.0/avr51/libgcc.a(_clear_bss.o)
 .text.libgcc.fixed
                0x00000000        0x0 /opt/microchip/avr-gcc/bin/../lib/gcc/avr/15.1.0/avr51/libgcc.a(_clear_bss.o)

Memory Configuration

Name             Origin             Length             Attributes
text             0x00000000         0x00020000         xr
data             0x00800100         0x00001000         rw!x
eeprom           0x00810000         0x00001000         rw!x
fuse             0x00820000         0x00000003         rw!x
lock             0x00830000         0x00000400         rw!x
signature        0x00840000         0x00000400         rw!x
user_signatures  0x00850000         0x00000400         rw!x
*default*        0x00000000         0xffffffff

Linker script and memory map

Address of section .data set to 0x800100
LOAD /opt/microchip/avr-gcc/bin/../lib/gcc/avr/15.1.0/../../../../avr/lib/avr51/crtatmega128a.o
LOAD /opt/microchip/avr-gcc/bin/../lib/gcc/avr/15.1.0/../../../../avr/lib/avr51/libm.a
LOAD CMakeFiles/atmega128a.elf.dir/main.c.obj
LOAD /tmp/ccZgsIKT.ltrans0.ltrans.o
LOAD /tmp/ccGLjmGx.debug.temp.o
LOAD /tmp/cccMaUiE.debug.temp.o
LOAD /tmp/cctKz0c9.debug.temp.o
LOAD /tmp/ccvg3216.debug.temp.o
LOAD /tmp/cco1cOvB.debug.temp.o
LOAD /tmp/ccTN5tjo.debug.temp.o
LOAD CMakeFiles/atmega128a.elf.dir/src/ap/ap.c.obj
LOAD CMakeFiles/atmega128a.elf.dir/src/driver/button.c.obj
LOAD CMakeFiles/atmega128a.elf.dir/src/driver/fnd.c.obj
LOAD CMakeFiles/atmega128a.elf.dir/src/driver/led.c.obj
LOAD CMakeFiles/atmega128a.elf.dir/src/driver/uart0.c.obj
START GROUP
LOAD /opt/microchip/avr-gcc/bin/../lib/gcc/avr/15.1.0/avr51/libgcc.a
LOAD /opt/microchip/avr-gcc/bin/../lib/gcc/avr/15.1.0/../../../../avr/lib/avr51/libm.a
LOAD /opt/microchip/avr-gcc/bin/../lib/gcc/avr/15.1.0/../../../../avr/lib/avr51/libc.a
LOAD /opt/microchip/avr-gcc/bin/../lib/gcc/avr/15.1.0/../../../../avr/lib/avr51/libatmega128a.a
END GROUP
                [0x00000000]                      __TEXT_REGION_ORIGIN__ = DEFINED (__TEXT_REGION_ORIGIN__)?__TEXT_REGION_ORIGIN__:0x0
                [0x00020000]                      __TEXT_REGION_LENGTH__ = DEFINED (__TEXT_REGION_LENGTH__)?__TEXT_REGION_LENGTH__:0x20000
                [0x00800100]                      __DATA_REGION_ORIGIN__ = DEFINED (__DATA_REGION_ORIGIN__)?__DATA_REGION_ORIGIN__:0x800100
                [0x00001000]                      __DATA_REGION_LENGTH__ = DEFINED (__DATA_REGION_LENGTH__)?__DATA_REGION_LENGTH__:0xff00
                [0x00001000]                      __EEPROM_REGION_LENGTH__ = DEFINED (__EEPROM_REGION_LENGTH__)?__EEPROM_REGION_LENGTH__:0x10000
                [0x00000003]                      __FUSE_REGION_LENGTH__ = DEFINED (__FUSE_REGION_LENGTH__)?__FUSE_REGION_LENGTH__:0x400
                0x00000400                        __LOCK_REGION_LENGTH__ = DEFINED (__LOCK_REGION_LENGTH__)?__LOCK_REGION_LENGTH__:0x400
                0x00000400                        __SIGNATURE_REGION_LENGTH__ = DEFINED (__SIGNATURE_REGION_LENGTH__)?__SIGNATURE_REGION_LENGTH__:0x400
                0x00000400                        __USER_SIGNATURE_REGION_LENGTH__ = DEFINED (__USER_SIGNATURE_REGION_LENGTH__)?__USER_SIGNATURE_REGION_LENGTH__:0x400

.hash
 *(.hash)

.dynsym
 *(.dynsym)

.dynstr
 *(.dynstr)

.gnu.version
 *(.gnu.version)

.gnu.version_d
 *(.gnu.version_d)

.gnu.version_r
 *(.gnu.version_r)

.rel.init
 *(.rel.init)

.rela.init
 *(.rela.init)

.rel.text
 *(.rel.text)
 *(.rel.text.*)
 *(.rel.gnu.linkonce.t*)

.rela.text
 *(.rela.text)
 *(.rela.text.*)
 *(.rela.gnu.linkonce.t*)

.rel.fini
 *(.rel.fini)

.rela.fini
 *(.rela.fini)

.rel.rodata
 *(.rel.rodata)
 *(.rel.rodata.*)
 *(.rel.gnu.linkonce.r*)

.rela.rodata
 *(.rela.rodata)
 *(.rela.rodata.*)
 *(.rela.gnu.linkonce.r*)

.rel.data
 *(.rel.data)
 *(.rel.data.*)
 *(.rel.gnu.linkonce.d*)

.rela.data
 *(.rela.data)
 *(.rela.data.*)
 *(.rela.gnu.linkonce.d*)

.rel.ctors
 *(.rel.ctors)

.rela.ctors
 *(.rela.ctors)

.rel.dtors
 *(.rel.dtors)

.rela.dtors
 *(.rela.dtors)

.rel.got
 *(.rel.got)

.rela.got
 *(.rela.got)

.rel.bss
 *(.rel.bss)

.rela.bss
 *(.rela.bss)

.rel.plt
 *(.rel.plt)

.rela.plt
 *(.rela.plt)

.text           0x00000000      0x15a
 *(.vectors)
 .vectors       0x00000000       0x28 /opt/microchip/avr-gcc/bin/../lib/gcc/avr/15.1.0/../../../../avr/lib/avr51/crtatmega128a.o
                0x00000000                __vectors
                0x00000000                __vector_default
 *(.vectors)
 *(.progmem.gcc*)
                0x00000028                        . = ALIGN (0x2)
                0x00000028                        __trampolines_start = .
 *(.trampolines)
 .trampolines   0x00000028        0x0 linker stubs
 *(.trampolines*)
                0x00000028                        __trampolines_end = .
 *libprintf_flt.a:*(.progmem.data)
 *libc.a:*(.progmem.data)
 *(.progmem.*)
                0x00000028                        . = ALIGN (0x2)
 *(.lowtext)
 *(.lowtext*)
                0x00000028                        __ctors_start = .
 *(.ctors)
                0x00000028                        __ctors_end = .
                0x00000028                        __dtors_start = .
 *(.dtors)
                0x00000028                        __dtors_end = .
 SORT_BY_NAME(*)(.ctors)
 SORT_BY_NAME(*)(.dtors)
 *(.init0)
 .init0         0x00000028        0x0 /opt/microchip/avr-gcc/bin/../lib/gcc/avr/15.1.0/../../../../avr/lib/avr51/crtatmega128a.o
                0x00000028                __init
 *(.init0)
 *(.init1)
 *(.init1)
 *(.init2)
 .init2         0x00000028        0xc /opt/microchip/avr-gcc/bin/../lib/gcc/avr/15.1.0/../../../../avr/lib/avr51/crtatmega128a.o
 *(.init2)
 *(.init3)
 *(.init3)
 *(.init4)
 .init4         0x00000034       0x1a /opt/microchip/avr-gcc/bin/../lib/gcc/avr/15.1.0/avr51/libgcc.a(_copy_data.o)
                0x00000034                __do_copy_data
 .init4         0x0000004e       0x10 /opt/microchip/avr-gcc/bin/../lib/gcc/avr/15.1.0/avr51/libgcc.a(_clear_bss.o)
                0x0000004e                __do_clear_bss
 *(.init4)
 *(.init5)
 *(.init5)
 *(.init6)
 *(.init6)
 *(.init7)
 *(.init7)
 *(.init8)
 *(.init8)
 *(.init9)
 .init9         0x0000005e        0x8 /opt/microchip/avr-gcc/bin/../lib/gcc/avr/15.1.0/../../../../avr/lib/avr51/crtatmega128a.o
 *(.init9)
 *(.text)
 .text          0x00000066        0x4 /opt/microchip/avr-gcc/bin/../lib/gcc/avr/15.1.0/../../../../avr/lib/avr51/crtatmega128a.o
                0x00000066                __vector_1
                0x00000066                __bad_interrupt
                0x00000066                __vector_6
                0x00000066                __vector_3
                0x00000066                __vector_7
                0x00000066                __vector_5
                0x00000066                __vector_4
                0x00000066                __vector_9
                0x00000066                __vector_2
                0x00000066                __vector_8
 .text          0x0000006a       0x60 /tmp/ccZgsIKT.ltrans0.ltrans.o
                0x00000076                __vector_18
                0x000000ca                        . = ALIGN (0x2)
 *(.text.*)
 .text.startup  0x000000ca       0x34 /tmp/ccZgsIKT.ltrans0.ltrans.o
                0x000000ca                main
 .text.avr-libc
                0x000000fe       0x58 /opt/microchip/avr-gcc/bin/../lib/gcc/avr/15.1.0/../../../../avr/lib/avr51/libc.a(puts.o)
                0x000000fe                puts
                0x00000156                        . = ALIGN (0x2)
 *(.fini9)
 .fini9         0x00000156        0x0 /opt/microchip/avr-gcc/bin/../lib/gcc/avr/15.1.0/avr51/libgcc.a(_exit.o)
                0x00000156                exit
                0x00000156                _exit
 *(.fini9)
 *(.fini8)
 *(.fini8)
 *(.fini7)
 *(.fini7)
 *(.fini6)
 *(.fini6)
 *(.fini5)
 *(.fini5)
 *(.fini4)
 *(.fini4)
 *(.fini3)
 *(.fini3)
 *(.fini2)
 *(.fini2)
 *(.fini1)
 *(.fini1)
 *(.fini0)
 .fini0         0x00000156        0x4 /opt/microchip/avr-gcc/bin/../lib/gcc/avr/15.1.0/avr51/libgcc.a(_exit.o)
 *(.fini0)
 *(.hightext)
 *(.hightext*)
 *(.progmemx.*)
                0x0000015a                        . = ALIGN (0x2)
 *(.jumptables)
 *(.jumptables*)
                0x0000015a                        _etext = .

.data           0x00800100        0xe load address 0x0000015a
                0x00800100                        PROVIDE (__data_start = .)
 *(.data)
 .data          0x00800100        0xe /tmp/ccZgsIKT.ltrans0.ltrans.o
 *(.data*)
 *(.gnu.linkonce.d*)
 *(.rodata)
 *(.rodata*)
 *(.gnu.linkonce.r*)
                0x0080010e                        . = ALIGN (0x2)
                0x0080010e                        _edata = .
                0x0080010e                        PROVIDE (__data_end = .)

.bss            0x0080010e       0x6c
                0x0080010e                        PROVIDE (__bss_start = .)
 *(.bss)
 .bss           0x0080010e       0x66 /tmp/ccZgsIKT.ltrans0.ltrans.o
 .bss           0x00800174        0x6 /opt/microchip/avr-gcc/bin/../lib/gcc/avr/15.1.0/../../../../avr/lib/avr51/libc.a(iob.o)
                0x00800174                __iob
 *(.bss*)
 *(COMMON)
                0x0080017a                        PROVIDE (__bss_end = .)
                0x0000015a                        __data_load_start = LOADADDR (.data)
                0x00000168                        __data_load_end = (__data_load_start + SIZEOF (.data))

.noinit         0x0080017a        0x0
                [!provide]                        PROVIDE (__noinit_start = .)
 *(.noinit .noinit.* .gnu.linkonce.n.*)
                [!provide]                        PROVIDE (__noinit_end = .)
                0x0080017a                        _end = .
                [!provide]                        PROVIDE (__heap_start = .)
                0x00000000                        __flmap_init_label = DEFINED (__flmap_noinit_start)?__flmap_noinit_start:0x0
                0x00000000                        __flmap = DEFINED (__flmap)?__flmap:0x0

.eeprom         0x00810000        0x0
 *(.eeprom*)
                0x00810000                        __eeprom_end = .

.fuse
 *(.fuse)
 *(.lfuse)
 *(.hfuse)
 *(.efuse)

.lock
 *(.lock*)

.signature
 *(.signature*)

.stab
 *(.stab)

.stabstr
 *(.stabstr)

.stab.excl
 *(.stab.excl)

.stab.exclstr
 *(.stab.exclstr)

.stab.index
 *(.stab.index)

.stab.indexstr
 *(.stab.indexstr)

.comment        0x00000000       0x5c
 *(.comment)
 .comment       0x00000000       0x30 /tmp/ccZgsIKT.ltrans0.ltrans.o
 .comment       0x00000000       0x5c /opt/microchip/avr-gcc/bin/../lib/gcc/avr/15.1.0/../../../../avr/lib/avr51/libc.a(iob.o)
                                 0x2e (size before relaxing)
 .comment       0x0000005c       0x2e /opt/microchip/avr-gcc/bin/../lib/gcc/avr/15.1.0/../../../../avr/lib/avr51/libc.a(puts.o)

.note.gnu.avr.deviceinfo
                0x00000000       0x40
 .note.gnu.avr.deviceinfo
                0x00000000       0x40 /opt/microchip/avr-gcc/bin/../lib/gcc/avr/15.1.0/../../../../avr/lib/avr51/crtatmega128a.o

.gnu.build.attributes
 *(.gnu.build.attributes .gnu.build.attributes.*)

.note.gnu.build-id
 *(.note.gnu.build-id)

.debug
 *(.debug)

.line
 *(.line)

.debug_srcinfo
 *(.debug_srcinfo)

.debug_sfnames
 *(.debug_sfnames)

.debug_aranges  0x00000000       0x28
 *(.debug_aranges)
 .debug_aranges
                0x00000000       0x28 /tmp/ccZgsIKT.ltrans0.ltrans.o

.debug_pubnames
 *(.debug_pubnames)

.debug_info     0x00000000      0xa65
 *(.debug_info .gnu.linkonce.wi.*)
 .debug_info    0x00000000      0x780 /opt/microchip/avr-gcc/bin/../lib/gcc/avr/15.1.0/../../../../avr/lib/avr51/crtatmega128a.o
 .debug_info    0x00000780       0xee /tmp/ccZgsIKT.ltrans0.ltrans.o
 .debug_info    0x0000086e      0x1f7 /tmp/ccGLjmGx.debug.temp.o
                0x0000086e                main.c.bb3fd3f1

.debug_abbrev   0x00000000      0x915
 *(.debug_abbrev)
 .debug_abbrev  0x00000000      0x718 /opt/microchip/avr-gcc/bin/../lib/gcc/avr/15.1.0/../../../../avr/lib/avr51/crtatmega128a.o
 .debug_abbrev  0x00000718       0x7f /tmp/ccZgsIKT.ltrans0.ltrans.o
 .debug_abbrev  0x00000797      0x17e /tmp/ccGLjmGx.debug.temp.o

.debug_line     0x00000000      0x2b5
 *(.debug_line .debug_line.* .debug_line_end)
 .debug_line    0x00000000       0x1d /opt/microchip/avr-gcc/bin/../lib/gcc/avr/15.1.0/../../../../avr/lib/avr51/crtatmega128a.o
 .debug_line    0x0000001d      0x1f9 /tmp/ccZgsIKT.ltrans0.ltrans.o
 .debug_line    0x00000216       0x9f /tmp/ccGLjmGx.debug.temp.o

.debug_frame    0x00000000       0x54
 *(.debug_frame)
 .debug_frame   0x00000000       0x54 /tmp/ccZgsIKT.ltrans0.ltrans.o

.debug_str      0x00000000     0x7f4a
 *(.debug_str)
 .debug_str     0x00000000      0x27d /opt/microchip/avr-gcc/bin/../lib/gcc/avr/15.1.0/../../../../avr/lib/avr51/crtatmega128a.o
 .debug_str     0x0000027d     0x7ccd /tmp/ccZgsIKT.ltrans0.ltrans.o
                                 0xc7 (size before relaxing)
 .debug_str     0x00007f4a     0x7d0a /tmp/ccGLjmGx.debug.temp.o

.debug_loc
 *(.debug_loc)

.debug_macinfo
 *(.debug_macinfo)

.debug_weaknames
 *(.debug_weaknames)

.debug_funcnames
 *(.debug_funcnames)

.debug_typenames
 *(.debug_typenames)

.debug_varnames
 *(.debug_varnames)

.debug_pubtypes
 *(.debug_pubtypes)

.debug_ranges
 *(.debug_ranges)

.debug_addr
 *(.debug_addr)

.debug_line_str
                0x00000000      0x1f6
 *(.debug_line_str)
 .debug_line_str
                0x00000000      0x1f6 /tmp/ccZgsIKT.ltrans0.ltrans.o
                                 0xd4 (size before relaxing)
 .debug_line_str
                0x000001f6      0x1ea /tmp/ccGLjmGx.debug.temp.o

.debug_loclists
                0x00000000       0x45
 *(.debug_loclists)
 .debug_loclists
                0x00000000       0x45 /tmp/ccZgsIKT.ltrans0.ltrans.o

.debug_macro    0x00000000     0x2c24
 *(.debug_macro)
 .debug_macro   0x00000000       0xc9 /tmp/ccGLjmGx.debug.temp.o
 .debug_macro   0x000000c9      0xc46 /tmp/ccGLjmGx.debug.temp.o
 .debug_macro   0x00000d0f       0x10 /tmp/ccGLjmGx.debug.temp.o
 .debug_macro   0x00000d1f      0x1c9 /tmp/ccGLjmGx.debug.temp.o
 .debug_macro   0x00000ee8      0x2fd /tmp/ccGLjmGx.debug.temp.o
 .debug_macro   0x000011e5       0x9e /tmp/ccGLjmGx.debug.temp.o
 .debug_macro   0x00001283     0x138f /tmp/ccGLjmGx.debug.temp.o
 .debug_macro   0x00002612      0x204 /tmp/ccGLjmGx.debug.temp.o
 .debug_macro   0x00002816       0xcb /tmp/ccGLjmGx.debug.temp.o
 .debug_macro   0x000028e1       0x34 /tmp/ccGLjmGx.debug.temp.o
 .debug_macro   0x00002915       0x18 /tmp/ccGLjmGx.debug.temp.o
 .debug_macro   0x0000292d       0x6c /tmp/ccGLjmGx.debug.temp.o
 .debug_macro   0x00002999       0x16 /tmp/ccGLjmGx.debug.temp.o
 .debug_macro   0x000029af       0x7d /tmp/ccGLjmGx.debug.temp.o
 .debug_macro   0x00002a2c       0x58 /tmp/ccGLjmGx.debug.temp.o
 .debug_macro   0x00002a84       0x10 /tmp/ccGLjmGx.debug.temp.o
 .debug_macro   0x00002a94       0x9e /tmp/ccGLjmGx.debug.temp.o
 .debug_macro   0x00002b32       0xf2 /tmp/ccGLjmGx.debug.temp.o

.debug_names
 *(.debug_names)

.debug_rnglists
                0x00000000       0x19
 *(.debug_rnglists)
 .debug_rnglists
                0x00000000       0x19 /tmp/ccZgsIKT.ltrans0.ltrans.o

.debug_str_offsets
 *(.debug_str_offsets)

.debug_sup
 *(.debug_sup)
OUTPUT(atmega128a.elf elf32-avr)
LOAD linker stubs

Cross Reference Table

Symbol                                            File
GPIO_OUTPUT                                       CMakeFiles/atmega128a.elf.dir/src/driver/led.c.obj (symbol from plugin)
OUTPUT                                            CMakeFiles/atmega128a.elf.dir/main.c.obj (symbol from plugin)
UART_Init                                         CMakeFiles/atmega128a.elf.dir/main.c.obj (symbol from plugin)
UART_Receive                                      CMakeFiles/atmega128a.elf.dir/main.c.obj (symbol from plugin)
UART_Transmit                                     CMakeFiles/atmega128a.elf.dir/main.c.obj (symbol from plugin)
UART_Transmit_Char                                CMakeFiles/atmega128a.elf.dir/main.c.obj (symbol from plugin)
__DATA_REGION_LENGTH__                            /opt/microchip/avr-gcc/bin/../lib/gcc/avr/15.1.0/../../../../avr/lib/avr51/crtatmega128a.o
__DATA_REGION_ORIGIN__                            /opt/microchip/avr-gcc/bin/../lib/gcc/avr/15.1.0/../../../../avr/lib/avr51/crtatmega128a.o
__EEPROM_REGION_LENGTH__                          /opt/microchip/avr-gcc/bin/../lib/gcc/avr/15.1.0/../../../../avr/lib/avr51/crtatmega128a.o
__FUSE_REGION_LENGTH__                            /opt/microchip/avr-gcc/bin/../lib/gcc/avr/15.1.0/../../../../avr/lib/avr51/crtatmega128a.o
__TEXT_REGION_LENGTH__                            /opt/microchip/avr-gcc/bin/../lib/gcc/avr/15.1.0/../../../../avr/lib/avr51/crtatmega128a.o
__TEXT_REGION_ORIGIN__                            /opt/microchip/avr-gcc/bin/../lib/gcc/avr/15.1.0/../../../../avr/lib/avr51/crtatmega128a.o
__bad_interrupt                                   /opt/microchip/avr-gcc/bin/../lib/gcc/avr/15.1.0/../../../../avr/lib/avr51/crtatmega128a.o
__bss_end                                         /opt/microchip/avr-gcc/bin/../lib/gcc/avr/15.1.0/avr51/libgcc.a(_clear_bss.o)
__bss_start                                       /opt/microchip/avr-gcc/bin/../lib/gcc/avr/15.1.0/avr51/libgcc.a(_clear_bss.o)
__data_end                                        /opt/microchip/avr-gcc/bin/../lib/gcc/avr/15.1.0/avr51/libgcc.a(_copy_data.o)
__data_load_start                                 /opt/microchip/avr-gcc/bin/../lib/gcc/avr/15.1.0/avr51/libgcc.a(_copy_data.o)
__data_start                                      /opt/microchip/avr-gcc/bin/../lib/gcc/avr/15.1.0/avr51/libgcc.a(_copy_data.o)
__do_clear_bss                                    /opt/microchip/avr-gcc/bin/../lib/gcc/avr/15.1.0/avr51/libgcc.a(_clear_bss.o)
                                                  /tmp/ccZgsIKT.ltrans0.ltrans.o
                                                  /opt/microchip/avr-gcc/bin/../lib/gcc/avr/15.1.0/../../../../avr/lib/avr51/libc.a(iob.o)
__do_copy_data                                    /opt/microchip/avr-gcc/bin/../lib/gcc/avr/15.1.0/avr51/libgcc.a(_copy_data.o)
                                                  /tmp/ccZgsIKT.ltrans0.ltrans.o
__heap_end                                        /opt/microchip/avr-gcc/bin/../lib/gcc/avr/15.1.0/../../../../avr/lib/avr51/crtatmega128a.o
__init                                            /opt/microchip/avr-gcc/bin/../lib/gcc/avr/15.1.0/../../../../avr/lib/avr51/crtatmega128a.o
__iob                                             /opt/microchip/avr-gcc/bin/../lib/gcc/avr/15.1.0/../../../../avr/lib/avr51/libc.a(iob.o)
                                                  /opt/microchip/avr-gcc/bin/../lib/gcc/avr/15.1.0/../../../../avr/lib/avr51/libc.a(puts.o)
                                                  /tmp/ccZgsIKT.ltrans0.ltrans.o
                                                  CMakeFiles/atmega128a.elf.dir/main.c.obj (symbol from plugin)
__stack                                           /opt/microchip/avr-gcc/bin/../lib/gcc/avr/15.1.0/../../../../avr/lib/avr51/crtatmega128a.o
__vector_1                                        /opt/microchip/avr-gcc/bin/../lib/gcc/avr/15.1.0/../../../../avr/lib/avr51/crtatmega128a.o
__vector_18                                       /tmp/ccZgsIKT.ltrans0.ltrans.o
                                                  CMakeFiles/atmega128a.elf.dir/main.c.obj (symbol from plugin)
__vector_2                                        /opt/microchip/avr-gcc/bin/../lib/gcc/avr/15.1.0/../../../../avr/lib/avr51/crtatmega128a.o
__vector_3                                        /opt/microchip/avr-gcc/bin/../lib/gcc/avr/15.1.0/../../../../avr/lib/avr51/crtatmega128a.o
__vector_4                                        /opt/microchip/avr-gcc/bin/../lib/gcc/avr/15.1.0/../../../../avr/lib/avr51/crtatmega128a.o
__vector_5                                        /opt/microchip/avr-gcc/bin/../lib/gcc/avr/15.1.0/../../../../avr/lib/avr51/crtatmega128a.o
__vector_6                                        /opt/microchip/avr-gcc/bin/../lib/gcc/avr/15.1.0/../../../../avr/lib/avr51/crtatmega128a.o
__vector_7                                        /opt/microchip/avr-gcc/bin/../lib/gcc/avr/15.1.0/../../../../avr/lib/avr51/crtatmega128a.o
__vector_8                                        /opt/microchip/avr-gcc/bin/../lib/gcc/avr/15.1.0/../../../../avr/lib/avr51/crtatmega128a.o
__vector_9                                        /opt/microchip/avr-gcc/bin/../lib/gcc/avr/15.1.0/../../../../avr/lib/avr51/crtatmega128a.o
__vector_default                                  /opt/microchip/avr-gcc/bin/../lib/gcc/avr/15.1.0/../../../../avr/lib/avr51/crtatmega128a.o
__vectors                                         /opt/microchip/avr-gcc/bin/../lib/gcc/avr/15.1.0/../../../../avr/lib/avr51/crtatmega128a.o
_exit                                             /opt/microchip/avr-gcc/bin/../lib/gcc/avr/15.1.0/avr51/libgcc.a(_exit.o)
ap.c.b1497a40                                     /tmp/cccMaUiE.debug.temp.o
button.c.4ecd679a                                 /tmp/cctKz0c9.debug.temp.o
buttonGetState                                    CMakeFiles/atmega128a.elf.dir/src/driver/button.c.obj (symbol from plugin)
buttonInit                                        CMakeFiles/atmega128a.elf.dir/src/driver/button.c.obj (symbol from plugin)
exit                                              /opt/microchip/avr-gcc/bin/../lib/gcc/avr/15.1.0/avr51/libgcc.a(_exit.o)
                                                  /opt/microchip/avr-gcc/bin/../lib/gcc/avr/15.1.0/../../../../avr/lib/avr51/crtatmega128a.o
fnd.c.2ad72cda                                    /tmp/ccvg3216.debug.temp.o
fndDisplay                                        CMakeFiles/atmega128a.elf.dir/src/driver/fnd.c.obj (symbol from plugin)
led.c.af82c86a                                    /tmp/cco1cOvB.debug.temp.o
ledInit                                           CMakeFiles/atmega128a.elf.dir/src/driver/led.c.obj (symbol from plugin)
ledLeftShift                                      CMakeFiles/atmega128a.elf.dir/src/driver/led.c.obj (symbol from plugin)
ledOff                                            CMakeFiles/atmega128a.elf.dir/src/driver/led.c.obj (symbol from plugin)
ledOn                                             CMakeFiles/atmega128a.elf.dir/src/driver/led.c.obj (symbol from plugin)
ledRightShift                                     CMakeFiles/atmega128a.elf.dir/src/driver/led.c.obj (symbol from plugin)
main                                              /tmp/ccZgsIKT.ltrans0.ltrans.o
                                                  CMakeFiles/atmega128a.elf.dir/main.c.obj (symbol from plugin)
                                                  /opt/microchip/avr-gcc/bin/../lib/gcc/avr/15.1.0/../../../../avr/lib/avr51/crtatmega128a.o
main.c.bb3fd3f1                                   /tmp/ccGLjmGx.debug.temp.o
                                                  /tmp/ccZgsIKT.ltrans0.ltrans.o
puts                                              /opt/microchip/avr-gcc/bin/../lib/gcc/avr/15.1.0/../../../../avr/lib/avr51/libc.a(puts.o)
                                                  /tmp/ccZgsIKT.ltrans0.ltrans.o
rxBuff                                            CMakeFiles/atmega128a.elf.dir/main.c.obj (symbol from plugin)
rxFlag                                            CMakeFiles/atmega128a.elf.dir/main.c.obj (symbol from plugin)
uart0.c.2d2e889a                                  /tmp/ccTN5tjo.debug.temp.o
